---
source: src/lib.rs
expression: "test(\"10001.DAG-100\", \"10002.DAG-100\")"
---
g_true: 10001.DAG-100
g_guess: 10002.DAG-100
ts:
  - 7
  - 77
  - 83
  - 99
  - 97
ys:
  - 0
  - 59
  - 84
  - 91
  - 40
zs:
  - - 3
  - - 0
    - 4
    - 5
    - 9
    - 11
    - 15
    - 16
    - 20
    - 21
    - 25
    - 32
    - 36
    - 38
    - 42
    - 46
    - 49
    - 51
    - 53
    - 54
    - 65
    - 68
    - 69
    - 72
    - 74
  - - 1
    - 2
    - 8
    - 14
    - 21
    - 22
    - 27
    - 31
    - 33
    - 34
    - 43
    - 44
    - 45
    - 53
    - 60
    - 62
    - 68
    - 69
    - 70
    - 74
    - 78
  - - 12
    - 19
    - 24
    - 25
    - 29
    - 32
    - 33
    - 41
    - 53
    - 57
    - 61
    - 63
    - 65
    - 66
    - 67
    - 73
    - 76
    - 79
    - 82
    - 88
  - - 0
    - 6
    - 14
    - 28
    - 34
    - 41
    - 43
    - 44
    - 47
    - 48
    - 49
    - 56
    - 61
    - 62
    - 66
    - 71
    - 79
    - 80
    - 83
    - 89
nams:
  - []
  - []
  - []
  - []
  - []
nvas:
  - - 3
  - - 0
    - 1
    - 2
    - 3
    - 4
    - 5
    - 6
    - 7
    - 8
    - 9
    - 10
    - 11
    - 12
    - 13
    - 14
    - 15
    - 16
    - 17
    - 18
    - 19
    - 20
    - 21
    - 22
    - 23
    - 24
    - 25
    - 26
    - 27
    - 28
    - 29
    - 30
    - 31
    - 32
    - 33
    - 34
    - 35
    - 36
    - 37
    - 38
    - 39
    - 40
    - 41
    - 42
    - 43
    - 44
    - 45
    - 46
    - 47
    - 48
    - 49
    - 50
    - 51
    - 52
    - 53
    - 54
    - 55
    - 56
    - 57
    - 58
    - 59
    - 60
    - 61
    - 62
    - 63
    - 64
    - 65
    - 66
    - 67
    - 68
    - 69
    - 70
    - 71
    - 72
    - 73
    - 74
    - 75
    - 76
    - 78
    - 79
    - 80
    - 81
    - 82
    - 83
    - 84
    - 85
    - 86
    - 87
    - 88
    - 89
    - 90
    - 91
    - 92
    - 93
    - 94
    - 95
    - 96
    - 97
    - 98
    - 99
  - - 1
    - 2
    - 8
    - 14
    - 21
    - 22
    - 27
    - 31
    - 33
    - 34
    - 43
    - 44
    - 45
    - 53
    - 60
    - 62
    - 68
    - 69
    - 70
    - 74
    - 78
  - - 12
    - 19
    - 24
    - 25
    - 29
    - 32
    - 33
    - 41
    - 53
    - 57
    - 61
    - 63
    - 65
    - 66
    - 67
    - 73
    - 76
    - 79
    - 82
    - 88
  - - 0
    - 6
    - 14
    - 28
    - 34
    - 41
    - 43
    - 44
    - 47
    - 48
    - 49
    - 56
    - 61
    - 62
    - 66
    - 71
    - 79
    - 80
    - 83
    - 89
pa_true_1st_T:
  - 3
an_true_1st_T:
  - 0
  - 3
  - 7
ch_true_1st_T:
  - 15
  - 16
  - 23
  - 34
  - 39
  - 49
  - 61
  - 65
  - 66
  - 68
  - 72
  - 73
  - 74
  - 75
  - 76
  - 80
  - 81
de_true_1st_T:
  - 7
  - 15
  - 16
  - 17
  - 19
  - 20
  - 23
  - 24
  - 25
  - 26
  - 27
  - 28
  - 29
  - 30
  - 31
  - 33
  - 34
  - 35
  - 36
  - 37
  - 38
  - 39
  - 40
  - 41
  - 42
  - 43
  - 44
  - 45
  - 46
  - 47
  - 48
  - 49
  - 50
  - 51
  - 52
  - 53
  - 54
  - 55
  - 56
  - 57
  - 58
  - 59
  - 60
  - 61
  - 62
  - 63
  - 64
  - 65
  - 66
  - 67
  - 68
  - 69
  - 70
  - 71
  - 72
  - 73
  - 74
  - 75
  - 76
  - 77
  - 78
  - 79
  - 80
  - 81
  - 82
  - 83
  - 84
  - 85
  - 86
  - 87
  - 88
  - 89
  - 90
  - 91
  - 92
  - 93
  - 94
  - 95
  - 96
  - 97
  - 98
  - 99
poss_de_true_1st_T:
  - 7
  - 15
  - 16
  - 17
  - 19
  - 20
  - 23
  - 24
  - 25
  - 26
  - 27
  - 28
  - 29
  - 30
  - 31
  - 33
  - 34
  - 35
  - 36
  - 37
  - 38
  - 39
  - 40
  - 41
  - 42
  - 43
  - 44
  - 45
  - 46
  - 47
  - 48
  - 49
  - 50
  - 51
  - 52
  - 53
  - 54
  - 55
  - 56
  - 57
  - 58
  - 59
  - 60
  - 61
  - 62
  - 63
  - 64
  - 65
  - 66
  - 67
  - 68
  - 69
  - 70
  - 71
  - 72
  - 73
  - 74
  - 75
  - 76
  - 77
  - 78
  - 79
  - 80
  - 81
  - 82
  - 83
  - 84
  - 85
  - 86
  - 87
  - 88
  - 89
  - 90
  - 91
  - 92
  - 93
  - 94
  - 95
  - 96
  - 97
  - 98
  - 99
prop_an_true_1st_T_and_1st_Y:
  - 0
shd:
  - 0.006464646464646465
  - 32
oset_aid:
  - 0.023636363636363636
  - 234
parent_aid:
  - 0.04080808080808081
  - 404
ancestor_aid:
  - 0
  - 0
