---
source: src/lib.rs
expression: "test(g_true, g_guess)"
---
g_true: 20003.CPDAG-10
g_guess: 20004.CPDAG-10
ancestor_aid:
  - 0.37777777777777777
  - 34
oset_aid:
  - 0.37777777777777777
  - 34
parent_aid:
  - 0.43333333333333335
  - 39
shd:
  - 0.4666666666666667
  - 21
t:
  - 1
  - 2
  - 3
  - 9
y: 0
z:
  - 4
  - 6
  - 7
possible_descendants_of_t_in_g_guess:
  - 1
  - 2
  - 3
  - 4
  - 5
  - 6
  - 7
  - 8
  - 9
not_amenable_in_g_guess_wrt_t:
  - 4
  - 5
  - 6
  - 7
  - 8
proper_ancestors_of_y_in_g_guess_wrt_t:
  - 0
oset_for_t_onto_y_in_g_guess: []
not_validly_adjusted_for_in_g_guess_by_parents_of_t:
  - 0
  - 4
  - 5
  - 6
  - 7
  - 8
  - 9
not_validly_adjusted_for_in_g_guess_by_oset_for_t_onto_y:
  - 0
  - 4
  - 5
  - 6
  - 7
  - 8
not_validly_adjusted_for_in_g_guess_by_empty_set:
  - 0
  - 4
  - 5
  - 6
  - 7
  - 8
not_validly_adjusted_for_in_g_guess_by_z:
  - 0
  - 4
  - 5
  - 6
  - 7
  - 8
